// Jest Snapshot v1, https://goo.gl/fbAQLP

exports[`renders Page component unchanged 1`] = `
<div>
  <div
    class="container page"
  >
    <h1>
      The title
    </h1>
    <p>
      The first paragraph of my page
    </p>
    <p>
      The second
    </p>
    <style
      global="true"
      jsx="true"
    >
      
        .page {
          margin-top: 2em;
          padding: 0 1em;
        }
        .page h1 {
          font-size: 2rem;
        }
        .page h2 {
          font-size: 1.25rem;
          margin-top: 2em;
        }
        .page p {
          margin: 1em 0 0.5em;
        }
        .page ul {
          margin: 1em 0;
          padding-left: 2.5em;
        }
      
    </style>
  </div>
</div>
`;
